package waitgroup

import (
	"fmt"
	sync1 "sync"
)

func _() {
	var wg sync1.WaitGroup
	// want "Goroutine creation can be simplified using WaitGroup.Go"
	wg.Go(func() {
		fmt.Println()
	})

	// want "Goroutine creation can be simplified using WaitGroup.Go"
	wg.Go(func() {
		fmt.Println()
	})
}